// Jest Snapshot v1, https://goo.gl/fbAQLP

exports[`createMojiMessage should return message for any alphabetical character 1`] = `
"     🚀🚀🚀     
🚀               🚀
🚀               🚀
🚀🚀🚀🚀🚀
🚀               🚀
🚀               🚀
🚀               🚀


🚀🚀🚀🚀     
🚀               🚀
🚀               🚀
🚀🚀🚀🚀     
🚀               🚀
🚀               🚀
🚀🚀🚀🚀     


🚀🚀🚀🚀🚀
🚀                    
🚀                    
🚀                    
🚀                    
🚀                    
🚀🚀🚀🚀🚀


     
     


🚀🚀🚀🚀     
🚀               🚀
🚀               🚀
🚀               🚀
🚀               🚀
🚀               🚀
🚀🚀🚀🚀     


🚀🚀🚀🚀🚀
🚀                    
🚀                    
🚀🚀🚀🚀     
🚀                    
🚀                    
🚀🚀🚀🚀🚀


🚀🚀🚀🚀🚀
🚀                    
🚀                    
🚀🚀🚀🚀     
🚀                    
🚀                    
🚀                    


     🚀🚀🚀🚀
🚀                    
🚀                    
🚀     🚀🚀     
🚀               🚀
🚀               🚀
     🚀🚀🚀     


🚀               🚀
🚀               🚀
🚀               🚀
🚀🚀🚀🚀🚀
🚀               🚀
🚀               🚀
🚀               🚀


🚀🚀🚀🚀🚀
          🚀          
          🚀          
          🚀          
          🚀          
          🚀          
🚀🚀🚀🚀🚀


                    🚀
                    🚀
                    🚀
                    🚀
                    🚀
🚀               🚀
     🚀🚀🚀     


🚀               🚀
🚀          🚀     
🚀     🚀          
🚀🚀               
🚀     🚀          
🚀          🚀     
🚀               🚀


🚀                    
🚀                    
🚀                    
🚀                    
🚀                    
🚀                    
🚀🚀🚀🚀🚀


🚀               🚀
🚀🚀     🚀🚀
🚀     🚀     🚀
🚀     🚀     🚀
🚀               🚀
🚀               🚀
🚀               🚀


🚀               🚀
🚀🚀          🚀
🚀     🚀     🚀
🚀     🚀     🚀
🚀     🚀     🚀
🚀          🚀🚀
🚀               🚀


     🚀🚀🚀     
🚀               🚀
🚀               🚀
🚀               🚀
🚀               🚀
🚀               🚀
     🚀🚀🚀     


🚀🚀🚀🚀     
🚀               🚀
🚀               🚀
🚀🚀🚀🚀     
🚀                    
🚀                    
🚀                    


     🚀🚀🚀     
🚀               🚀
🚀               🚀
🚀               🚀
🚀               🚀
🚀          🚀🚀
     🚀🚀🚀🚀


🚀🚀🚀🚀     
🚀               🚀
🚀               🚀
🚀🚀🚀🚀     
🚀     🚀          
🚀          🚀     
🚀               🚀


🚀🚀🚀🚀🚀
🚀                    
🚀                    
🚀🚀🚀🚀🚀
                    🚀
                    🚀
🚀🚀🚀🚀🚀


🚀🚀🚀🚀🚀
          🚀          
          🚀          
          🚀          
          🚀          
          🚀          
          🚀          


🚀               🚀
🚀               🚀
🚀               🚀
🚀               🚀
🚀               🚀
🚀               🚀
🚀🚀🚀🚀🚀


🚀               🚀
🚀               🚀
🚀               🚀
🚀               🚀
🚀               🚀
     🚀     🚀     
          🚀          


🚀               🚀
🚀               🚀
🚀               🚀
🚀     🚀     🚀
🚀     🚀     🚀
🚀🚀     🚀🚀
🚀               🚀


🚀               🚀
     🚀     🚀     
          🚀          
          🚀          
          🚀          
     🚀     🚀     
🚀               🚀


🚀               🚀
🚀               🚀
     🚀     🚀     
          🚀          
          🚀          
          🚀          
          🚀          


🚀🚀🚀🚀🚀
                    🚀
               🚀     
          🚀          
     🚀               
🚀                    
🚀🚀🚀🚀🚀"
`;
